// Jest Snapshot v1, https://goo.gl/fbAQLP

exports[`App Snapshot matches App 1`] = `
Array [
  <h1>
    Character
  </h1>,
  <ul>
    <li>
      Rick Sanchez
    </li>
    <li>
      Alive
    </li>
    <li>
      Human
    </li>
    <li>
      Male
    </li>
  </ul>,
]
`;
